// Jest Snapshot v1, https://goo.gl/fbAQLP

exports[`App renders correctly 1`] = `
<section
  className="app"
>
  Hello, world!
</section>
`;
