// Jest Snapshot v1, https://goo.gl/fbAQLP

exports[`ChatListSearch renders correctly 1`] = `
<div
  className="chatlistsearch"
>
  <input
    className="search"
    placeholder="Search"
    type="text"
  />
  <div
    className="searchButton"
  />
</div>
`;
